// Jest Snapshot v1, https://goo.gl/fbAQLP

exports[`NotFound.test.js has the expected html structure 1`] = `
<section
  class="not-found"
>
  <h1>
    The page you're trying to view does not exist.
  </h1>
   
  <p>
    You can:
  </p>
   
  <ul>
    <li>
      <a
        href="javascript:"
      >
        Go back
      </a>
    </li>
     
    <li>
      <router-link
        to="/"
      >
        Go to homepage
      </router-link>
    </li>
  </ul>
</section>
`;
