// Jest Snapshot v1, https://goo.gl/fbAQLP

exports[`RouterBack.test.js is a link by default 1`] = `
<a
  href="javascript:"
/>
`;
