// Jest Snapshot v1, https://goo.gl/fbAQLP

exports[`StoryPage.test.js has the expected html structure 1`] = `
<section
  id="story-page"
>
  <h1>
    
            Test story
            
    <small
      class="text-muted"
    >
      
    </small>
  </h1>
   
  <!---->
</section>
`;
