// Jest Snapshot v1, https://goo.gl/fbAQLP

exports[`SprintCollectionForm.test.js has the expected html structure 1`] = `
<form
  class="sprint-collection-form"
>
  <div
    class="row"
  >
    <div
      class="col-md-6"
    >
      <h4>
        Add multiple sprints
      </h4>
       
      <p>
        
                This feature allows you to add multiple sprints at the same time. Just enter a sprint length in days
                (for example 7 for week-long sprints) and the start and end date of the period you'd like to generate sprints for.
                You can view a preview of the sprints that are going to be generated for you on the right.
                Please note that you can only add future sprints with this feature.
            
      </p>
       
      <div
        aria-labelledby="__BVID__99___BV_label_"
        class="b-form-group form-group"
        id="__BVID__99_"
        role="group"
      >
        <label
          class="col-form-label pt-0"
          for="sprint-collection-duration"
          id="__BVID__99___BV_label_"
        >
          Sprint length in days
        </label>
        <div
          class=""
        >
          <input
            aria-required="true"
            class="form-control"
            id="sprint-collection-duration"
            min="1"
            required="required"
            step="1"
            type="number"
          />
          <!---->
          <!---->
          <!---->
        </div>
      </div>
       
      <div
        aria-labelledby="__BVID__101___BV_label_"
        class="b-form-group form-group"
        id="__BVID__101_"
        role="group"
      >
        <label
          class="col-form-label pt-0"
          for="sprint-collection-start-date"
          id="__BVID__101___BV_label_"
        >
          Start date
        </label>
        <div
          class=""
        >
          <input
            aria-required="true"
            class="form-control"
            id="sprint-collection-start-date"
            required="required"
            type="date"
          />
          <!---->
          <!---->
          <!---->
        </div>
      </div>
       
      <div
        aria-labelledby="__BVID__103___BV_label_"
        class="b-form-group form-group"
        id="__BVID__103_"
        role="group"
      >
        <label
          class="col-form-label pt-0"
          for="sprint-collection-end-date"
          id="__BVID__103___BV_label_"
        >
          End date
        </label>
        <div
          class=""
        >
          <input
            aria-required="true"
            class="form-control"
            id="sprint-collection-end-date"
            min="2222-02-22"
            required="required"
            type="date"
          />
          <!---->
          <!---->
          <!---->
        </div>
      </div>
       
      <button
        class="btn btn-primary"
        type="submit"
      >
        Add sprints
      </button>
       
      <button
        class="btn btn-grey"
        type="button"
      >
        Cancel
      </button>
    </div>
     
    <div
      class="col-md-6"
    >
      <h4>
        Preview
      </h4>
       
      <div>
        <strong>
          1. Sprint:
        </strong>
        

                    2222-02-22
                    -
                    2222-02-23
                
      </div>
      <div>
        <strong>
          2. Sprint:
        </strong>
        

                    2222-02-24
                    -
                    2222-02-25
                
      </div>
      <div>
        <strong>
          3. Sprint:
        </strong>
        

                    2222-02-26
                    -
                    2222-02-27
                
      </div>
    </div>
  </div>
</form>
`;
