// Jest Snapshot v1, https://goo.gl/fbAQLP

exports[`StoryForm.test.js has the expected html structure 1`] = `
<form
  class="story-form"
>
  <div
    class="row"
  >
    <div
      class="col-md-10"
    >
      <div
        aria-labelledby="__BVID__9___BV_label_"
        class="b-form-group form-group"
        id="__BVID__9_"
        role="group"
      >
        <label
          class="col-form-label pt-0"
          for="story-title"
          id="__BVID__9___BV_label_"
        >
          Story *
        </label>
        <div
          class=""
        >
          <input
            aria-required="true"
            class="form-control"
            id="story-title"
            required="required"
            type="text"
          />
          <!---->
          <!---->
          <!---->
        </div>
      </div>
    </div>
     
    <div
      class="col-md-2"
    >
      <div
        aria-labelledby="__BVID__11___BV_label_"
        class="b-form-group form-group"
        id="__BVID__11_"
        role="group"
      >
        <label
          class="col-form-label pt-0"
          for="story-points"
          id="__BVID__11___BV_label_"
        >
          Story points
        </label>
        <div
          class=""
        >
          <input
            class="form-control"
            id="story-points"
            min="0"
            type="number"
          />
          <!---->
          <!---->
          <!---->
        </div>
      </div>
    </div>
  </div>
   
  <div
    aria-labelledby="__BVID__13___BV_label_"
    class="b-form-group form-group"
    id="__BVID__13_"
    role="group"
  >
    <label
      class="col-form-label pt-0"
      for="story-description"
      id="__BVID__13___BV_label_"
    >
      Notes
    </label>
    <div
      class=""
    >
      <textarea
        class="form-control"
        id="story-description"
        rows="1"
        wrap="soft"
      />
      <!---->
      <!---->
      <!---->
    </div>
  </div>
   
  <button
    class="btn btn-primary"
    type="submit"
  >
    Save
  </button>
   
  <button
    class="btn btn-grey"
    type="button"
  >
    Cancel
  </button>
</form>
`;
